// Jest Snapshot v1, https://goo.gl/fbAQLP

exports[`Cart checkout() espera-se que o checkout() retorne uma lista de items 1`] = `[Function]`;

exports[`Cart summary() espera-se um objeto com o total e uma lista de items 1`] = `
Object {
  "items": Array [
    Object {
      "product": Object {
        "price": 35388,
        "tittle": "Adidas running shoes - men",
      },
      "quantity": 2,
    },
    Object {
      "product": Object {
        "price": 47866,
        "tittle": "Nike running shoes - men",
      },
      "quantity": 3,
    },
  ],
  "total": 214374,
}
`;
